
> agentenode@1.0.0 test
> jest

  console.log
    Ôùç injected env (2) from .env // tip: Ôîü auth for agents [www.vestauth.com]

      at _log (node_modules/dotenv/lib/main.js:131:11)

  console.log
    ­ƒôª Conectado ao banco de dados SQLite.

      at Database.log (server.js:19:13)

node.exe : PASS ./server.test.js
No linha:1 caractere:1
+ & "C:\Program Files\nodejs/node.exe" "C:\Users\Gabri\AppData\Roaming\ ...
+ ~~~~~~~~~~~~~~~~~~~~~~~~~~~~~~~~~~~~~~~~~~~~~~~~~~~~~~~~~~~~~~~~~~~~~
    + CategoryInfo          : NotSpecified: (PASS ./server.test.js:String) [], RemoteException
    + FullyQualifiedErrorId : NativeCommandError
 
  Testes Unit├írios (TU)
    Ferramenta calculate
      ÔêÜ TU-001: Deve calcular express├Áes matem├íticas v├ílidas corretamente (1 ms)
      ÔêÜ TU-002: Deve bloquear express├Áes maliciosas (RCE/Eval)
      ÔêÜ TDD-001: Validador de express├úo rejeita letras
  Testes de Integra├º├úo (TI)
    ÔêÜ TI-001: POST /chat deve processar mensagem e retornar HTTP 200 (583 ms)
    ÔêÜ TI-002: GET /chat/history/:id deve retornar o hist├│rico via SQLite (4 ms)

Test Suites: 1 passed, 1 total
Tests:       5 passed, 5 total
Snapshots:   0 total
Time:        1.007 s
Ran all test suites.
